Set CUDA_VISIBLE_DEVICES to 0,1,2
WORLD_SIZE: 1
[34m[2026-03-06 20:06:41-INFO]: Training with bfloat16 mixed precision.[0m
[34m[2026-03-06 20:06:41-INFO]: Training with bfloat16 mixed precision.[0m
[34m[2026-03-06 20:06:41-INFO]: Training with bfloat16 mixed precision.[0m
[34m[2026-03-06 20:06:41-INFO]: ****************Loaded image paths from cache: preprocess/image_paths_cache.txt[0m
[34m[2026-03-06 20:06:41-INFO]: ****************Loaded image paths from cache: preprocess/image_paths_cache.txt[0m
[34m[2026-03-06 20:06:41-INFO]: ****************Loaded image paths from cache: preprocess/image_paths_cache.txt[0m
Rank 2 is working on GPU 2
Rank 0 is working on GPU 0
Rank 1 is working on GPU 1
[34m[2026-03-06 20:07:05-INFO]: ----------------------Image Num 1281167 , Total number of steps per epoch: 13345[0m
[34m[2026-03-06 20:07:05-INFO]: Initializing VAE[0m
[34m[2026-03-06 20:07:05-INFO]: Initializing transformer models (non-ema and ema)[0m
[34m[2026-03-06 20:07:05-INFO]: ----------------------Image Num 1281167 , Total number of steps per epoch: 13345[0m
[34m[2026-03-06 20:07:05-INFO]: Initializing VAE[0m
[34m[2026-03-06 20:07:05-INFO]: Initializing transformer models (non-ema and ema)[0m
[rank0]:[W306 20:07:06.679494999 ProcessGroupNCCL.cpp:1496] Warning: WARNING: destroy_process_group() was not called before program exit, which can leak resources. For more info, please see https://pytorch.org/docs/stable/distributed.html#shutdown (function operator())
W0306 20:07:06.539000 18578 site-packages/torch/multiprocessing/spawn.py:169] Terminating process 18681 via signal SIGTERM
W0306 20:07:06.540000 18578 site-packages/torch/multiprocessing/spawn.py:169] Terminating process 18682 via signal SIGTERM
Traceback (most recent call last):
  File "<string>", line 1, in <module>
  File "/home/bycao/miniforge3/envs/promoe/lib/python3.10/multiprocessing/spawn.py", line 116, in spawn_main
    exitcode = _main(fd, parent_sentinel)
  File "/home/bycao/miniforge3/envs/promoe/lib/python3.10/multiprocessing/spawn.py", line 126, in _main
    self = reduction.pickle.load(from_parent)
_pickle.UnpicklingError: pickle data was truncated
Traceback (most recent call last):
  File "/mnt/miah204/bycao/ProMoE-Plus/train.py", line 602, in <module>
    main(**custom_cfg)
  File "/mnt/miah204/bycao/ProMoE-Plus/train.py", line 345, in main
    mp.spawn(worker, nprocs=cfg.gpus_per_machine, args=(cfg, ))
  File "/home/bycao/miniforge3/envs/promoe/lib/python3.10/site-packages/torch/multiprocessing/spawn.py", line 340, in spawn
    return start_processes(fn, args, nprocs, join, daemon, start_method="spawn")
  File "/home/bycao/miniforge3/envs/promoe/lib/python3.10/site-packages/torch/multiprocessing/spawn.py", line 296, in start_processes
    while not context.join():
  File "/home/bycao/miniforge3/envs/promoe/lib/python3.10/site-packages/torch/multiprocessing/spawn.py", line 215, in join
    raise ProcessRaisedException(msg, error_index, failed_process.pid)
torch.multiprocessing.spawn.ProcessRaisedException: 

-- Process 0 terminated with the following error:
Traceback (most recent call last):
  File "/home/bycao/miniforge3/envs/promoe/lib/python3.10/site-packages/torch/multiprocessing/spawn.py", line 90, in _wrap
    fn(i, *args)
  File "/mnt/miah204/bycao/ProMoE-Plus/train.py", line 428, in worker
    model_class, config_name = model_dict[cfg.model_name]
KeyError: 'ProMoE_TC_B_hierar_expert'

/home/bycao/miniforge3/envs/promoe/lib/python3.10/multiprocessing/resource_tracker.py:224: UserWarning: resource_tracker: There appear to be 32 leaked semaphore objects to clean up at shutdown
  warnings.warn('resource_tracker: There appear to be %d '
